[25-Sep-2026 22:41:18 UTC] PHP Warning:  mysqli_fetch_assoc() expects parameter 1 to be mysqli_result, boolean given in /var/www/public/lib/DatabaseConnection.php on line 321
[25-Sep-2026 22:41:18 UTC] PHP Warning:  mysqli_fetch_assoc() expects parameter 1 to be mysqli_result, boolean given in /var/www/public/lib/DatabaseConnection.php on line 321
[25-Sep-2026 22:41:18 UTC] PHP Warning:  mysqli_fetch_assoc() expects parameter 1 to be mysqli_result, boolean given in /var/www/public/lib/DatabaseConnection.php on line 321
[25-Sep-2026 22:41:18 UTC] PHP Warning:  mysqli_fetch_assoc() expects parameter 1 to be mysqli_result, boolean given in /var/www/public/lib/DatabaseConnection.php on line 321
[25-Sep-2026 22:41:18 UTC] PHP Warning:  mysqli_fetch_assoc() expects parameter 1 to be mysqli_result, boolean given in /var/www/public/lib/DatabaseConnection.php on line 321
[25-Sep-2026 22:41:18 UTC] PHP Warning:  mysqli_fetch_assoc() expects parameter 1 to be mysqli_result, boolean given in /var/www/public/lib/DatabaseConnection.php on line 321
[25-Sep-2026 22:41:18 UTC] PHP Warning:  mysqli_fetch_assoc() expects parameter 1 to be mysqli_result, boolean given in /var/www/public/lib/DatabaseConnection.php on line 321
[25-Sep-2026 22:41:18 UTC] PHP Warning:  mysqli_fetch_assoc() expects parameter 1 to be mysqli_result, boolean given in /var/www/public/lib/DatabaseConnection.php on line 321
[25-Sep-2026 22:41:18 UTC] PHP Warning:  mysqli_fetch_assoc() expects parameter 1 to be mysqli_result, boolean given in /var/www/public/lib/DatabaseConnection.php on line 321
[25-Sep-2026 22:41:18 UTC] PHP Warning:  mysqli_fetch_assoc() expects parameter 1 to be mysqli_result, boolean given in /var/www/public/lib/DatabaseConnection.php on line 321
[25-Sep-2026 22:41:18 UTC] PHP Warning:  mysqli_fetch_assoc() expects parameter 1 to be mysqli_result, boolean given in /var/www/public/lib/DatabaseConnection.php on line 321
[25-Sep-2026 22:41:18 UTC] PHP Warning:  mysqli_fetch_assoc() expects parameter 1 to be mysqli_result, boolean given in /var/www/public/modules/install/scripts/150.php on line 56
[25-Sep-2026 22:41:18 UTC] PHP Warning:  mysqli_fetch_assoc() expects parameter 1 to be mysqli_result, boolean given in /var/www/public/lib/DatabaseConnection.php on line 321
[25-Sep-2026 22:41:18 UTC] PHP Warning:  mysqli_fetch_assoc() expects parameter 1 to be mysqli_result, boolean given in /var/www/public/lib/DatabaseConnection.php on line 321
[25-Sep-2026 22:41:18 UTC] PHP Warning:  mysqli_fetch_assoc() expects parameter 1 to be mysqli_result, boolean given in /var/www/public/lib/DatabaseConnection.php on line 321
[25-Sep-2026 22:41:18 UTC] PHP Warning:  mysqli_fetch_assoc() expects parameter 1 to be mysqli_result, boolean given in /var/www/public/lib/DatabaseConnection.php on line 321
[25-Sep-2026 22:41:18 UTC] PHP Warning:  mysqli_fetch_assoc() expects parameter 1 to be mysqli_result, boolean given in /var/www/public/lib/DatabaseConnection.php on line 321
[25-Sep-2026 22:41:18 UTC] PHP Warning:  mysqli_fetch_assoc() expects parameter 1 to be mysqli_result, boolean given in /var/www/public/lib/DatabaseConnection.php on line 321
[25-Sep-2026 22:41:18 UTC] PHP Warning:  mysqli_fetch_assoc() expects parameter 1 to be mysqli_result, boolean given in /var/www/public/lib/DatabaseConnection.php on line 321
[25-Sep-2026 22:41:18 UTC] PHP Warning:  mysqli_fetch_assoc() expects parameter 1 to be mysqli_result, boolean given in /var/www/public/lib/DatabaseConnection.php on line 321
[25-Sep-2026 22:41:18 UTC] PHP Warning:  mysqli_fetch_assoc() expects parameter 1 to be mysqli_result, boolean given in /var/www/public/lib/DatabaseConnection.php on line 321
[25-Sep-2026 22:41:18 UTC] PHP Warning:  mysqli_fetch_assoc() expects parameter 1 to be mysqli_result, boolean given in /var/www/public/lib/DatabaseConnection.php on line 321
[25-Sep-2026 22:41:18 UTC] PHP Warning:  mysqli_fetch_assoc() expects parameter 1 to be mysqli_result, boolean given in /var/www/public/lib/DatabaseConnection.php on line 321
[25-Sep-2026 22:41:18 UTC] PHP Warning:  mysqli_fetch_assoc() expects parameter 1 to be mysqli_result, boolean given in /var/www/public/lib/DatabaseConnection.php on line 321
[25-Sep-2026 22:41:18 UTC] PHP Warning:  mysqli_fetch_assoc() expects parameter 1 to be mysqli_result, boolean given in /var/www/public/lib/DatabaseConnection.php on line 321
[25-Sep-2026 22:41:18 UTC] PHP Warning:  mysqli_fetch_assoc() expects parameter 1 to be mysqli_result, boolean given in /var/www/public/lib/DatabaseConnection.php on line 321
[25-Sep-2026 22:41:18 UTC] PHP Warning:  mysqli_fetch_assoc() expects parameter 1 to be mysqli_result, boolean given in /var/www/public/lib/DatabaseConnection.php on line 321
[25-Sep-2026 22:41:18 UTC] PHP Warning:  mysqli_fetch_assoc() expects parameter 1 to be mysqli_result, boolean given in /var/www/public/lib/DatabaseConnection.php on line 321
[25-Sep-2026 22:41:18 UTC] PHP Warning:  mysqli_fetch_assoc() expects parameter 1 to be mysqli_result, boolean given in /var/www/public/lib/DatabaseConnection.php on line 321
[25-Sep-2026 22:41:18 UTC] PHP Warning:  mysqli_fetch_assoc() expects parameter 1 to be mysqli_result, boolean given in /var/www/public/lib/DatabaseConnection.php on line 321
[25-Sep-2026 22:41:18 UTC] PHP Warning:  mysqli_fetch_assoc() expects parameter 1 to be mysqli_result, boolean given in /var/www/public/lib/DatabaseConnection.php on line 321
[25-Sep-2026 22:41:18 UTC] PHP Warning:  mysqli_fetch_assoc() expects parameter 1 to be mysqli_result, boolean given in /var/www/public/lib/DatabaseConnection.php on line 321
[25-Sep-2026 22:41:18 UTC] PHP Warning:  mysqli_fetch_assoc() expects parameter 1 to be mysqli_result, boolean given in /var/www/public/lib/DatabaseConnection.php on line 321
[25-Sep-2026 22:41:18 UTC] PHP Warning:  mysqli_fetch_assoc() expects parameter 1 to be mysqli_result, boolean given in /var/www/public/lib/DatabaseConnection.php on line 321
[25-Sep-2026 22:41:18 UTC] PHP Warning:  mysqli_fetch_assoc() expects parameter 1 to be mysqli_result, boolean given in /var/www/public/lib/DatabaseConnection.php on line 321
[25-Sep-2026 22:41:18 UTC] PHP Warning:  mysqli_fetch_assoc() expects parameter 1 to be mysqli_result, boolean given in /var/www/public/modules/install/scripts/150.php on line 56
[25-Sep-2026 22:41:18 UTC] PHP Warning:  mysqli_fetch_assoc() expects parameter 1 to be mysqli_result, boolean given in /var/www/public/lib/DatabaseConnection.php on line 321
[25-Sep-2026 22:41:18 UTC] PHP Warning:  mysqli_fetch_assoc() expects parameter 1 to be mysqli_result, boolean given in /var/www/public/lib/DatabaseConnection.php on line 321
[25-Sep-2026 22:41:18 UTC] PHP Warning:  mysqli_fetch_assoc() expects parameter 1 to be mysqli_result, boolean given in /var/www/public/lib/DatabaseConnection.php on line 321
[25-Sep-2026 22:41:18 UTC] PHP Warning:  mysqli_fetch_assoc() expects parameter 1 to be mysqli_result, boolean given in /var/www/public/lib/DatabaseConnection.php on line 321
[25-Sep-2026 22:41:18 UTC] PHP Warning:  mysqli_fetch_assoc() expects parameter 1 to be mysqli_result, boolean given in /var/www/public/lib/DatabaseConnection.php on line 321
[25-Sep-2026 22:41:18 UTC] PHP Warning:  mysqli_fetch_assoc() expects parameter 1 to be mysqli_result, boolean given in /var/www/public/lib/DatabaseConnection.php on line 321
[25-Sep-2026 22:41:18 UTC] PHP Warning:  mysqli_fetch_assoc() expects parameter 1 to be mysqli_result, boolean given in /var/www/public/lib/DatabaseConnection.php on line 321
[25-Sep-2026 22:41:18 UTC] PHP Warning:  mysqli_fetch_assoc() expects parameter 1 to be mysqli_result, boolean given in /var/www/public/lib/DatabaseConnection.php on line 321
[25-Sep-2026 22:41:18 UTC] PHP Warning:  mysqli_fetch_assoc() expects parameter 1 to be mysqli_result, boolean given in /var/www/public/lib/DatabaseConnection.php on line 321
[25-Sep-2026 22:41:18 UTC] PHP Warning:  mysqli_fetch_assoc() expects parameter 1 to be mysqli_result, boolean given in /var/www/public/lib/DatabaseConnection.php on line 321
[25-Sep-2026 22:41:18 UTC] PHP Warning:  mysqli_fetch_assoc() expects parameter 1 to be mysqli_result, boolean given in /var/www/public/lib/DatabaseConnection.php on line 321
[25-Sep-2026 22:41:18 UTC] PHP Warning:  mysqli_fetch_assoc() expects parameter 1 to be mysqli_result, boolean given in /var/www/public/lib/DatabaseConnection.php on line 321
[25-Sep-2026 22:41:25 UTC] PHP Warning:  mysqli_fetch_assoc() expects parameter 1 to be mysqli_result, boolean given in /var/www/public/lib/DatabaseConnection.php on line 321
[25-Sep-2026 22:41:25 UTC] PHP Warning:  mysqli_fetch_assoc() expects parameter 1 to be mysqli_result, boolean given in /var/www/public/lib/DatabaseConnection.php on line 321
[25-Sep-2026 22:41:25 UTC] PHP Warning:  mysqli_fetch_assoc() expects parameter 1 to be mysqli_result, boolean given in /var/www/public/lib/DatabaseConnection.php on line 321
[25-Sep-2026 22:41:25 UTC] PHP Warning:  mysqli_fetch_assoc() expects parameter 1 to be mysqli_result, boolean given in /var/www/public/lib/DatabaseConnection.php on line 321
[25-Sep-2026 22:41:25 UTC] PHP Warning:  mysqli_fetch_assoc() expects parameter 1 to be mysqli_result, boolean given in /var/www/public/lib/DatabaseConnection.php on line 321
[25-Sep-2026 22:41:25 UTC] PHP Warning:  mysqli_fetch_assoc() expects parameter 1 to be mysqli_result, boolean given in /var/www/public/lib/DatabaseConnection.php on line 321
[25-Sep-2026 22:41:25 UTC] PHP Warning:  mysqli_fetch_assoc() expects parameter 1 to be mysqli_result, boolean given in /var/www/public/lib/DatabaseConnection.php on line 321
[25-Sep-2026 22:41:25 UTC] PHP Warning:  mysqli_fetch_assoc() expects parameter 1 to be mysqli_result, boolean given in /var/www/public/lib/DatabaseConnection.php on line 321
[25-Sep-2026 22:41:25 UTC] PHP Warning:  mysqli_fetch_assoc() expects parameter 1 to be mysqli_result, boolean given in /var/www/public/lib/DatabaseConnection.php on line 321
[25-Sep-2026 22:41:25 UTC] PHP Warning:  mysqli_fetch_assoc() expects parameter 1 to be mysqli_result, boolean given in /var/www/public/lib/DatabaseConnection.php on line 321
[25-Sep-2026 22:41:25 UTC] PHP Warning:  mysqli_fetch_assoc() expects parameter 1 to be mysqli_result, boolean given in /var/www/public/lib/DatabaseConnection.php on line 321
[25-Sep-2026 22:41:26 UTC] PHP Warning:  mysqli_fetch_assoc() expects parameter 1 to be mysqli_result, boolean given in /var/www/public/modules/install/scripts/150.php on line 56
[25-Sep-2026 22:41:26 UTC] PHP Warning:  mysqli_fetch_assoc() expects parameter 1 to be mysqli_result, boolean given in /var/www/public/lib/DatabaseConnection.php on line 321
[25-Sep-2026 22:41:26 UTC] PHP Warning:  mysqli_fetch_assoc() expects parameter 1 to be mysqli_result, boolean given in /var/www/public/lib/DatabaseConnection.php on line 321
[25-Sep-2026 22:41:26 UTC] PHP Warning:  mysqli_fetch_assoc() expects parameter 1 to be mysqli_result, boolean given in /var/www/public/lib/DatabaseConnection.php on line 321
[25-Sep-2026 22:41:26 UTC] PHP Warning:  mysqli_fetch_assoc() expects parameter 1 to be mysqli_result, boolean given in /var/www/public/lib/DatabaseConnection.php on line 321
[25-Sep-2026 22:41:26 UTC] PHP Warning:  mysqli_fetch_assoc() expects parameter 1 to be mysqli_result, boolean given in /var/www/public/lib/DatabaseConnection.php on line 321
[25-Sep-2026 22:41:26 UTC] PHP Warning:  mysqli_fetch_assoc() expects parameter 1 to be mysqli_result, boolean given in /var/www/public/lib/DatabaseConnection.php on line 321
[25-Sep-2026 22:41:26 UTC] PHP Warning:  mysqli_fetch_assoc() expects parameter 1 to be mysqli_result, boolean given in /var/www/public/lib/DatabaseConnection.php on line 321
[25-Sep-2026 22:41:26 UTC] PHP Warning:  mysqli_fetch_assoc() expects parameter 1 to be mysqli_result, boolean given in /var/www/public/lib/DatabaseConnection.php on line 321
[25-Sep-2026 22:41:26 UTC] PHP Warning:  mysqli_fetch_assoc() expects parameter 1 to be mysqli_result, boolean given in /var/www/public/lib/DatabaseConnection.php on line 321
[25-Sep-2026 22:41:26 UTC] PHP Warning:  mysqli_fetch_assoc() expects parameter 1 to be mysqli_result, boolean given in /var/www/public/lib/DatabaseConnection.php on line 321
[25-Sep-2026 22:41:26 UTC] PHP Warning:  mysqli_fetch_assoc() expects parameter 1 to be mysqli_result, boolean given in /var/www/public/lib/DatabaseConnection.php on line 321
[25-Sep-2026 22:41:26 UTC] PHP Warning:  mysqli_fetch_assoc() expects parameter 1 to be mysqli_result, boolean given in /var/www/public/lib/DatabaseConnection.php on line 321
[25-Sep-2026 22:42:25 UTC] PHP Fatal error:  Uncaught Error: Call to undefined function mysql_real_escape_string() in /var/www/public/lib/ModuleUtility.php(542) : eval()'d code:24
Stack trace:
#0 /var/www/public/lib/ModuleUtility.php(542): eval()
#1 /var/www/public/lib/ModuleUtility.php(282): ModuleUtility::processModuleSchema('install', Array)
#2 /var/www/public/lib/ModuleUtility.php(154): ModuleUtility::_refreshModuleList()
#3 /var/www/public/lib/ModuleUtility.php(53): ModuleUtility::getModules()
#4 /var/www/public/index.php(215): ModuleUtility::loadModule('login')
#5 {main}
  thrown in /var/www/public/lib/ModuleUtility.php(542) : eval()'d code on line 24
[25-Sep-2026 22:42:49 UTC] PHP Fatal error:  Uncaught Error: Call to undefined function mysql_real_escape_string() in /var/www/public/lib/ModuleUtility.php(542) : eval()'d code:24
Stack trace:
#0 /var/www/public/lib/ModuleUtility.php(542): eval()
#1 /var/www/public/lib/ModuleUtility.php(282): ModuleUtility::processModuleSchema('install', Array)
#2 /var/www/public/lib/ModuleUtility.php(154): ModuleUtility::_refreshModuleList()
#3 /var/www/public/lib/ModuleUtility.php(53): ModuleUtility::getModules()
#4 /var/www/public/index.php(215): ModuleUtility::loadModule('login')
#5 {main}
  thrown in /var/www/public/lib/ModuleUtility.php(542) : eval()'d code on line 24
[25-Sep-2026 22:42:49 UTC] PHP Fatal error:  Uncaught Error: Call to undefined function mysql_real_escape_string() in /var/www/public/lib/ModuleUtility.php(542) : eval()'d code:24
Stack trace:
#0 /var/www/public/lib/ModuleUtility.php(542): eval()
#1 /var/www/public/lib/ModuleUtility.php(282): ModuleUtility::processModuleSchema('install', Array)
#2 /var/www/public/lib/ModuleUtility.php(154): ModuleUtility::_refreshModuleList()
#3 /var/www/public/lib/ModuleUtility.php(53): ModuleUtility::getModules()
#4 /var/www/public/index.php(179): ModuleUtility::loadModule('careers')
#5 /var/www/public/careers/index.php(39): include_once('/var/www/public...')
#6 {main}
  thrown in /var/www/public/lib/ModuleUtility.php(542) : eval()'d code on line 24
